###############################################################################
#
# IAR ELF Linker V8.40.1.212/W32 for ARM                  04/Jan/2025  10:38:18
# Copyright 2007-2019 IAR Systems AB.
#
#    Output file  =
#        E:\AnyID\Git\CanFestivalMaster\CanFestivalMaster\CanFestivalMaster\Build\Exe\CanFestivalSlave.out
#    Map file     =
#        E:\AnyID\Git\CanFestivalMaster\CanFestivalMaster\CanFestivalMaster\Build\List\CanFestivalSlave.map
#    Command line =
#        -f C:\Users\swnw\AppData\Local\Temp\EWF932.tmp
#        (E:\AnyID\Git\CanFestivalMaster\CanFestivalMaster\CanFestivalMaster\Build\Obj\AnyID_CanFestival_Can_HL.o
#        E:\AnyID\Git\CanFestivalMaster\CanFestivalMaster\CanFestivalMaster\Build\Obj\AnyID_CanFestival_Device.o
#        E:\AnyID\Git\CanFestivalMaster\CanFestivalMaster\CanFestivalMaster\Build\Obj\AnyID_CanFestival_FRam.o
#        E:\AnyID\Git\CanFestivalMaster\CanFestivalMaster\CanFestivalMaster\Build\Obj\AnyID_CanFestival_FRam_HL.o
#        E:\AnyID\Git\CanFestivalMaster\CanFestivalMaster\CanFestivalMaster\Build\Obj\AnyID_CanFestival_Periph_HL.o
#        E:\AnyID\Git\CanFestivalMaster\CanFestivalMaster\CanFestivalMaster\Build\Obj\AnyID_CanFestival_RS485.o
#        E:\AnyID\Git\CanFestivalMaster\CanFestivalMaster\CanFestivalMaster\Build\Obj\AnyID_CanFestival_RS485_HL.o
#        E:\AnyID\Git\CanFestivalMaster\CanFestivalMaster\CanFestivalMaster\Build\Obj\AnyID_CanFestival_RTC.o
#        E:\AnyID\Git\CanFestivalMaster\CanFestivalMaster\CanFestivalMaster\Build\Obj\AnyID_CanFestival_SysCfg.o
#        E:\AnyID\Git\CanFestivalMaster\CanFestivalMaster\CanFestivalMaster\Build\Obj\AnyID_CanFestival_SysTick_HL.o
#        E:\AnyID\Git\CanFestivalMaster\CanFestivalMaster\CanFestivalMaster\Build\Obj\AnyID_CanFestival_Tim_HL.o
#        E:\AnyID\Git\CanFestivalMaster\CanFestivalMaster\CanFestivalMaster\Build\Obj\AnyID_CanFestival_Uart_Receive.o
#        E:\AnyID\Git\CanFestivalMaster\CanFestivalMaster\CanFestivalMaster\Build\Obj\AnyID_CanFestival_WDG_HL.o
#        E:\AnyID\Git\CanFestivalMaster\CanFestivalMaster\CanFestivalMaster\Build\Obj\AnyID_FRam.o
#        E:\AnyID\Git\CanFestivalMaster\CanFestivalMaster\CanFestivalMaster\Build\Obj\AnyID_Stdlib.o
#        E:\AnyID\Git\CanFestivalMaster\CanFestivalMaster\CanFestivalMaster\Build\Obj\dcf.o
#        E:\AnyID\Git\CanFestivalMaster\CanFestivalMaster\CanFestivalMaster\Build\Obj\emcy.o
#        E:\AnyID\Git\CanFestivalMaster\CanFestivalMaster\CanFestivalMaster\Build\Obj\lifegrd.o
#        E:\AnyID\Git\CanFestivalMaster\CanFestivalMaster\CanFestivalMaster\Build\Obj\lss.o
#        E:\AnyID\Git\CanFestivalMaster\CanFestivalMaster\CanFestivalMaster\Build\Obj\main.o
#        E:\AnyID\Git\CanFestivalMaster\CanFestivalMaster\CanFestivalMaster\Build\Obj\masterNormal.o
#        E:\AnyID\Git\CanFestivalMaster\CanFestivalMaster\CanFestivalMaster\Build\Obj\misc.o
#        E:\AnyID\Git\CanFestivalMaster\CanFestivalMaster\CanFestivalMaster\Build\Obj\nmtMaster.o
#        E:\AnyID\Git\CanFestivalMaster\CanFestivalMaster\CanFestivalMaster\Build\Obj\nmtSlave.o
#        E:\AnyID\Git\CanFestivalMaster\CanFestivalMaster\CanFestivalMaster\Build\Obj\objacces.o
#        E:\AnyID\Git\CanFestivalMaster\CanFestivalMaster\CanFestivalMaster\Build\Obj\pdo.o
#        E:\AnyID\Git\CanFestivalMaster\CanFestivalMaster\CanFestivalMaster\Build\Obj\sdo.o
#        E:\AnyID\Git\CanFestivalMaster\CanFestivalMaster\CanFestivalMaster\Build\Obj\startup_stm32f10x_hd.o
#        E:\AnyID\Git\CanFestivalMaster\CanFestivalMaster\CanFestivalMaster\Build\Obj\states.o
#        E:\AnyID\Git\CanFestivalMaster\CanFestivalMaster\CanFestivalMaster\Build\Obj\stm32f10x_adc.o
#        E:\AnyID\Git\CanFestivalMaster\CanFestivalMaster\CanFestivalMaster\Build\Obj\stm32f10x_bkp.o
#        E:\AnyID\Git\CanFestivalMaster\CanFestivalMaster\CanFestivalMaster\Build\Obj\stm32f10x_can.o
#        E:\AnyID\Git\CanFestivalMaster\CanFestivalMaster\CanFestivalMaster\Build\Obj\stm32f10x_dma.o
#        E:\AnyID\Git\CanFestivalMaster\CanFestivalMaster\CanFestivalMaster\Build\Obj\stm32f10x_exti.o
#        E:\AnyID\Git\CanFestivalMaster\CanFestivalMaster\CanFestivalMaster\Build\Obj\stm32f10x_flash.o
#        E:\AnyID\Git\CanFestivalMaster\CanFestivalMaster\CanFestivalMaster\Build\Obj\stm32f10x_gpio.o
#        E:\AnyID\Git\CanFestivalMaster\CanFestivalMaster\CanFestivalMaster\Build\Obj\stm32f10x_it.o
#        E:\AnyID\Git\CanFestivalMaster\CanFestivalMaster\CanFestivalMaster\Build\Obj\stm32f10x_iwdg.o
#        E:\AnyID\Git\CanFestivalMaster\CanFestivalMaster\CanFestivalMaster\Build\Obj\stm32f10x_pwr.o
#        E:\AnyID\Git\CanFestivalMaster\CanFestivalMaster\CanFestivalMaster\Build\Obj\stm32f10x_rcc.o
#        E:\AnyID\Git\CanFestivalMaster\CanFestivalMaster\CanFestivalMaster\Build\Obj\stm32f10x_rtc.o
#        E:\AnyID\Git\CanFestivalMaster\CanFestivalMaster\CanFestivalMaster\Build\Obj\stm32f10x_spi.o
#        E:\AnyID\Git\CanFestivalMaster\CanFestivalMaster\CanFestivalMaster\Build\Obj\stm32f10x_tim.o
#        E:\AnyID\Git\CanFestivalMaster\CanFestivalMaster\CanFestivalMaster\Build\Obj\stm32f10x_usart.o
#        E:\AnyID\Git\CanFestivalMaster\CanFestivalMaster\CanFestivalMaster\Build\Obj\sync.o
#        E:\AnyID\Git\CanFestivalMaster\CanFestivalMaster\CanFestivalMaster\Build\Obj\system_stm32f10x.o
#        E:\AnyID\Git\CanFestivalMaster\CanFestivalMaster\CanFestivalMaster\Build\Obj\timer.o
#        --redirect _Printf=_PrintfFull --redirect _Scanf=_ScanfFull
#        --no_out_extension -o
#        E:\AnyID\Git\CanFestivalMaster\CanFestivalMaster\CanFestivalMaster\Build\Exe\CanFestivalSlave.out
#        --map
#        E:\AnyID\Git\CanFestivalMaster\CanFestivalMaster\CanFestivalMaster\Build\List\CanFestivalSlave.map
#        --config
#        E:\AnyID\Git\CanFestivalMaster\CanFestivalMaster\CanFestivalMaster\GD32F103xB.icf
#        --semihosting --entry __iar_program_start --vfe --text_out locale)
#
###############################################################################

*******************************************************************************
*** RUNTIME MODEL ATTRIBUTES
***

CppFlavor       = *
__Heap_Handler  = DLMalloc
__SystemLibrary = DLib
__dlib_version  = 6


*******************************************************************************
*** HEAP SELECTION
***

The advanced heap was selected because the application calls memory
allocation functions outside of system library functions, and there
are calls to deallocation functions in the application.


*******************************************************************************
*** PLACEMENT SUMMARY
***

"A0":  place at address 0x800'4000 { ro section .intvec };
"P1":  place in [from 0x800'4000 to 0x801'ffff] { ro };
define block CSTACK with size = 4K, alignment = 8 { };
define block HEAP with size = 4K, alignment = 8 { };
"P2":  place in [from 0x2000'0000 to 0x2000'4fff] {
          rw, block CSTACK, block HEAP };
initialize by copy { rw };

  Section            Kind         Address    Size  Object
  -------            ----         -------    ----  ------
"A0":                                       0x130
  .intvec            ro code   0x800'4000   0x130  startup_stm32f10x_hd.o [1]
                             - 0x800'4130   0x130

"P1", part 1 of 2:                          0x24e
  .text              ro code   0x800'4130    0x1e  xencoding_8859_1.o [2]
  .text              ro code   0x800'414e     0xa  xsprout.o [2]
  Initializer bytes  const     0x800'4158   0x226  <for P2-1>
                             - 0x800'437e   0x24e

Absolute sections:                           0x32
  .rodata            const     0x800'5000    0x32  AnyID_CanFestival_Device.o [1]
                             - 0x800'5032    0x32

"P1", part 2 of 2:                         0xb8c8
  .text              ro code   0x800'5034  0x3436  sdo.o [1]
  .text              ro code   0x800'846a    0x3a  zero_init3.o [4]
  .text              ro code   0x800'84a4   0x3a2  objacces.o [1]
  .text              ro code   0x800'8848  0x1ce4  dlmalloc.o [2]
  .text              ro code   0x800'a52c    0xa6  ABImemcpy.o [4]
  .text              ro code   0x800'a5d2     0x8  heaptramp0.o [2]
  .text              ro code   0x800'a5dc   0x1e0  timer.o [1]
  .text              ro code   0x800'a7bc   0x2a4  AnyID_CanFestival_Can_HL.o [1]
  .text              ro code   0x800'aa60     0x6  abort.o [2]
  .rodata            const     0x800'aa66     0x2  masterNormal.o [1]
  .text              ro code   0x800'aa68    0x2c  xgetmemchunk.o [2]
  .text              ro code   0x800'aa94    0xd8  AnyID_CanFestival_Tim_HL.o [1]
  .text              ro code   0x800'ab6c    0x66  ABImemset.o [4]
  .rodata            const     0x800'abd2     0x2  xlocale_c.o [2]
  .text              ro code   0x800'abd4   0x178  stm32f10x_gpio.o [1]
  .text              ro code   0x800'ad4c   0x6a6  stm32f10x_can.o [1]
  .rodata            const     0x800'b3f2     0x2  xlocale_c.o [2]
  .text              ro code   0x800'b3f4    0xb8  misc.o [1]
  .text              ro code   0x800'b4ac    0x14  exit.o [5]
  .text              ro code   0x800'b4c0   0x112  stm32f10x_tim.o [1]
  .rodata            const     0x800'b5d2     0x1  masterNormal.o [1]
  .rodata            const     0x800'b5d3     0x1  xlocale_c.o [2]
  .text              ro code   0x800'b5d4  0x10c6  xprintffull.o [2]
  .text              ro code   0x800'c69c    0x7c  xlocale_c.o [2]
  .text              ro code   0x800'c718    0x16  strchr.o [4]
  .text              ro code   0x800'c730    0x40  xfail_s.o [2]
  .text              ro code   0x800'c770    0x36  strlen.o [4]
  .text              ro code   0x800'c7a8    0x58  memchr.o [4]
  .text              ro code   0x800'c800    0x70  frexp.o [3]
  .text              ro code   0x800'c870    0x2e  DblCmpLe.o [3]
  .text              ro code   0x800'c8a0    0x2e  DblCmpGe.o [3]
  .text              ro code   0x800'c8d0   0x13a  ldexp.o [3]
  .text              ro code   0x800'ca0c    0x3a  DblToS32.o [3]
  .text              ro code   0x800'ca48    0x22  S32ToDbl.o [3]
  .text              ro code   0x800'ca6c    0xe2  DblSub.o [3]
  .text              ro code   0x800'cb50   0x246  DblDiv.o [3]
  .text              ro code   0x800'cd98    0x28  DblToU32.o [3]
  .text              ro code   0x800'cdc0    0x1a  U32ToDbl.o [3]
  .text              ro code   0x800'cddc   0x1a2  DblMul.o [3]
  .text              ro code   0x800'cf7e     0xa  xmbcurmax.o [2]
  .text              ro code   0x800'cf88   0x230  I64DivMod.o [4]
  .text              ro code   0x800'd1b8   0x16a  DblAdd.o [3]
  .text              ro code   0x800'd324     0x2  I64DivZer.o [4]
  .text              ro code   0x800'd328   0xae0  pdo.o [1]
  .text              ro code   0x800'de08    0x68  memcmp.o [4]
  .text              ro code   0x800'de70   0x4de  states.o [1]
  .text              ro code   0x800'e350   0x12e  sync.o [1]
  .text              ro code   0x800'e480    0x94  emcy.o [1]
  .text              ro code   0x800'e514   0x46e  lifegrd.o [1]
  .text              ro code   0x800'e982   0x110  nmtSlave.o [1]
  .text              ro code   0x800'ea92    0x5c  nmtMaster.o [1]
  .text              ro code   0x800'eaf0   0x408  AnyID_CanFestival_Device.o [1]
  .text              ro code   0x800'eef8   0x236  AnyID_FRam.o [1]
  .text              ro code   0x800'f130    0x48  AnyID_Stdlib.o [1]
  .text              ro code   0x800'f178   0x140  AnyID_CanFestival_FRam.o [1]
  .text              ro code   0x800'f2b8    0x40  sprintf.o [2]
  .text              ro code   0x800'f2f8   0x228  AnyID_CanFestival_FRam_HL.o [1]
  .text              ro code   0x800'f520   0x380  AnyID_CanFestival_SysCfg.o [1]
  .text              ro code   0x800'f8a0   0x318  stm32f10x_rcc.o [1]
  .text              ro code   0x800'fbb8    0x2c  stm32f10x_flash.o [1]
  .text              ro code   0x800'fbe4   0x184  AnyID_CanFestival_RS485_HL.o [1]
  .text              ro code   0x800'fd68    0xa4  AnyID_CanFestival_SysTick_HL.o [1]
  .text              ro code   0x800'fe0c    0xa4  rand.o [2]
  .text              ro code   0x800'feb0   0x2c6  stm32f10x_usart.o [1]
  .text              ro code   0x801'0178   0x160  stm32f10x_it.o [1]
  .text              ro code   0x801'02d8    0xea  AnyID_CanFestival_Uart_Receive.o [1]
  .text              ro code   0x801'03c4   0x14c  masterNormal.o [1]
  .rodata            const     0x801'0510    0xd0  masterNormal.o [1]
  .text              ro code   0x801'05e0    0x78  lz77_init_single.o [4]
  .text              ro code   0x801'0658    0x52  system_stm32f10x.o [1]
  .rodata            const     0x801'06ac    0x2c  AnyID_CanFestival_Device.o [1]
  .text              ro code   0x801'06d8    0x28  data_init.o [4]
  .iar.init_table    const     0x801'0700    0x20  - Linker created -
  .text              ro code   0x801'0720    0x1e  cmain.o [4]
  .text              ro code   0x801'073e     0x4  low_level_init.o [2]
  .text              ro code   0x801'0742    0x18  main.o [1]
  .text              ro code   0x801'075a     0x4  exit.o [2]
  .text              ro code   0x801'0760     0xa  cexit.o [4]
  .rodata            const     0x801'076c    0x10  states.o [1]
  .rodata            const     0x801'077c    0x10  states.o [1]
  .text              ro code   0x801'078c    0x10  startup_stm32f10x_hd.o [1]
  .rodata            const     0x801'079c     0xc  masterNormal.o [1]
  .rodata            const     0x801'07a8     0xc  masterNormal.o [1]
  .text              ro code   0x801'07b4     0xc  cstartup_M.o [4]
  .rodata            const     0x801'07c0     0x8  AnyID_CanFestival_Can_HL.o [1]
  .rodata            const     0x801'07c8     0x8  AnyID_CanFestival_Can_HL.o [1]
  .rodata            const     0x801'07d0     0x8  AnyID_CanFestival_FRam_HL.o [1]
  .rodata            const     0x801'07d8     0x8  AnyID_CanFestival_FRam_HL.o [1]
  .rodata            const     0x801'07e0     0x8  AnyID_CanFestival_RS485_HL.o [1]
  .rodata            const     0x801'07e8     0x8  AnyID_CanFestival_RS485_HL.o [1]
  .rodata            const     0x801'07f0     0x8  AnyID_CanFestival_RS485_HL.o [1]
  .rodata            const     0x801'07f8     0x8  states.o [1]
  .rodata            const     0x801'0800     0x8  states.o [1]
  .rodata            const     0x801'0808     0x8  states.o [1]
  .rodata            const     0x801'0810     0x8  states.o [1]
  .text              ro code   0x801'0818     0x4  startup_stm32f10x_hd.o [1]
  .text              ro code   0x801'081c     0x4  startup_stm32f10x_hd.o [1]
  .text              ro code   0x801'0820     0x4  startup_stm32f10x_hd.o [1]
  .text              ro code   0x801'0824     0x4  startup_stm32f10x_hd.o [1]
  .text              ro code   0x801'0828     0x4  startup_stm32f10x_hd.o [1]
  .text              ro code   0x801'082c     0x4  startup_stm32f10x_hd.o [1]
  .text              ro code   0x801'0830     0x4  startup_stm32f10x_hd.o [1]
  .text              ro code   0x801'0834     0x4  startup_stm32f10x_hd.o [1]
  .text              ro code   0x801'0838     0x4  startup_stm32f10x_hd.o [1]
  .text              ro code   0x801'083c     0x4  startup_stm32f10x_hd.o [1]
  .text              ro code   0x801'0840     0x4  startup_stm32f10x_hd.o [1]
  .text              ro code   0x801'0844     0x4  startup_stm32f10x_hd.o [1]
  .text              ro code   0x801'0848     0x4  startup_stm32f10x_hd.o [1]
  .text              ro code   0x801'084c     0x4  startup_stm32f10x_hd.o [1]
  .text              ro code   0x801'0850     0x4  startup_stm32f10x_hd.o [1]
  .text              ro code   0x801'0854     0x4  startup_stm32f10x_hd.o [1]
  .text              ro code   0x801'0858     0x4  startup_stm32f10x_hd.o [1]
  .text              ro code   0x801'085c     0x4  startup_stm32f10x_hd.o [1]
  .text              ro code   0x801'0860     0x4  startup_stm32f10x_hd.o [1]
  .text              ro code   0x801'0864     0x4  startup_stm32f10x_hd.o [1]
  .text              ro code   0x801'0868     0x4  startup_stm32f10x_hd.o [1]
  .text              ro code   0x801'086c     0x4  startup_stm32f10x_hd.o [1]
  .text              ro code   0x801'0870     0x4  startup_stm32f10x_hd.o [1]
  .text              ro code   0x801'0874     0x4  startup_stm32f10x_hd.o [1]
  .text              ro code   0x801'0878     0x4  startup_stm32f10x_hd.o [1]
  .text              ro code   0x801'087c     0x4  startup_stm32f10x_hd.o [1]
  .text              ro code   0x801'0880     0x4  startup_stm32f10x_hd.o [1]
  .text              ro code   0x801'0884     0x4  startup_stm32f10x_hd.o [1]
  .text              ro code   0x801'0888     0x4  startup_stm32f10x_hd.o [1]
  .text              ro code   0x801'088c     0x4  startup_stm32f10x_hd.o [1]
  .text              ro code   0x801'0890     0x4  startup_stm32f10x_hd.o [1]
  .text              ro code   0x801'0894     0x4  startup_stm32f10x_hd.o [1]
  .text              ro code   0x801'0898     0x4  startup_stm32f10x_hd.o [1]
  .text              ro code   0x801'089c     0x4  startup_stm32f10x_hd.o [1]
  .text              ro code   0x801'08a0     0x4  startup_stm32f10x_hd.o [1]
  .text              ro code   0x801'08a4     0x4  startup_stm32f10x_hd.o [1]
  .text              ro code   0x801'08a8     0x4  startup_stm32f10x_hd.o [1]
  .text              ro code   0x801'08ac     0x4  startup_stm32f10x_hd.o [1]
  .text              ro code   0x801'08b0     0x4  startup_stm32f10x_hd.o [1]
  .text              ro code   0x801'08b4     0x4  startup_stm32f10x_hd.o [1]
  .text              ro code   0x801'08b8     0x4  startup_stm32f10x_hd.o [1]
  .text              ro code   0x801'08bc     0x4  startup_stm32f10x_hd.o [1]
  .text              ro code   0x801'08c0     0x4  startup_stm32f10x_hd.o [1]
  .text              ro code   0x801'08c4     0x4  startup_stm32f10x_hd.o [1]
  .text              ro code   0x801'08c8     0x4  startup_stm32f10x_hd.o [1]
  .text              ro code   0x801'08cc     0x4  startup_stm32f10x_hd.o [1]
  .text              ro code   0x801'08d0     0x4  startup_stm32f10x_hd.o [1]
  .text              ro code   0x801'08d4     0x4  startup_stm32f10x_hd.o [1]
  .text              ro code   0x801'08d8     0x4  startup_stm32f10x_hd.o [1]
  .text              ro code   0x801'08dc     0x4  startup_stm32f10x_hd.o [1]
  .text              ro code   0x801'08e0     0x4  startup_stm32f10x_hd.o [1]
  .text              ro code   0x801'08e4     0x4  startup_stm32f10x_hd.o [1]
  .text              ro code   0x801'08e8     0x4  startup_stm32f10x_hd.o [1]
  .text              ro code   0x801'08ec     0x4  startup_stm32f10x_hd.o [1]
  .text              ro code   0x801'08f0     0x4  startup_stm32f10x_hd.o [1]
  .text              ro code   0x801'08f4     0x4  startup_stm32f10x_hd.o [1]
  .text              ro code   0x801'08f8     0x4  startup_stm32f10x_hd.o [1]
  .rodata            const     0x801'08fc     0x0  zero_init3.o [4]
  .rodata            const     0x801'08fc     0x0  lz77_init_single.o [4]
                             - 0x801'08fc  0xb8c8

"P2", part 1 of 3:                          0x6d6
  P2-1                        0x2000'0000   0x6d6  <Init block>
    .data            inited   0x2000'0000     0x4  AnyID_CanFestival_SysCfg.o [1]
    .data            inited   0x2000'0004     0xc  masterNormal.o [1]
    .data            inited   0x2000'0010     0xc  masterNormal.o [1]
    .data            inited   0x2000'001c    0x18  masterNormal.o [1]
    .data            inited   0x2000'0034     0x4  masterNormal.o [1]
    .data            inited   0x2000'0038     0xc  masterNormal.o [1]
    .data            inited   0x2000'0044     0x4  masterNormal.o [1]
    .data            inited   0x2000'0048     0xc  masterNormal.o [1]
    .data            inited   0x2000'0054     0xc  masterNormal.o [1]
    .data            inited   0x2000'0060     0xc  masterNormal.o [1]
    .data            inited   0x2000'006c     0xc  masterNormal.o [1]
    .data            inited   0x2000'0078     0xc  masterNormal.o [1]
    .data            inited   0x2000'0084     0x4  masterNormal.o [1]
    .data            inited   0x2000'0088     0xc  masterNormal.o [1]
    .data            inited   0x2000'0094    0x18  masterNormal.o [1]
    .data            inited   0x2000'00ac     0xc  masterNormal.o [1]
    .data            inited   0x2000'00b8    0x3c  masterNormal.o [1]
    .data            inited   0x2000'00f4     0x4  masterNormal.o [1]
    .data            inited   0x2000'00f8     0x4  masterNormal.o [1]
    .data            inited   0x2000'00fc    0x30  masterNormal.o [1]
    .data            inited   0x2000'012c     0x4  masterNormal.o [1]
    .data            inited   0x2000'0130     0x4  masterNormal.o [1]
    .data            inited   0x2000'0134    0x30  masterNormal.o [1]
    .data            inited   0x2000'0164     0x4  masterNormal.o [1]
    .data            inited   0x2000'0168    0x54  masterNormal.o [1]
    .data            inited   0x2000'01bc     0x4  masterNormal.o [1]
    .data            inited   0x2000'01c0    0x54  masterNormal.o [1]
    .data            inited   0x2000'0214     0x4  masterNormal.o [1]
    .data            inited   0x2000'0218    0x54  masterNormal.o [1]
    .data            inited   0x2000'026c     0x4  masterNormal.o [1]
    .data            inited   0x2000'0270    0x18  masterNormal.o [1]
    .data            inited   0x2000'0288     0xc  masterNormal.o [1]
    .data            inited   0x2000'0294    0x30  masterNormal.o [1]
    .data            inited   0x2000'02c4     0x4  masterNormal.o [1]
    .data            inited   0x2000'02c8    0x18  masterNormal.o [1]
    .data            inited   0x2000'02e0     0xc  masterNormal.o [1]
    .data            inited   0x2000'02ec     0xc  masterNormal.o [1]
    .data            inited   0x2000'02f8     0xc  masterNormal.o [1]
    .data            inited   0x2000'0304     0xc  masterNormal.o [1]
    .data            inited   0x2000'0310     0xc  masterNormal.o [1]
    .data            inited   0x2000'031c    0x14  masterNormal.o [1]
    .data            inited   0x2000'0330   0x2f4  masterNormal.o [1]
    .data            inited   0x2000'0624    0x10  stm32f10x_rcc.o [1]
    .data            inited   0x2000'0634     0x4  stm32f10x_rcc.o [1]
    .data            inited   0x2000'0638     0x4  timer.o [1]
    .data            inited   0x2000'063c     0x8  rand.o [2]
    .data            inited   0x2000'0644    0x38  xlocale_c.o [2]
    .data            inited   0x2000'067c    0x48  xlocale_c.o [2]
    .data            inited   0x2000'06c4     0x2  masterNormal.o [1]
    .data            inited   0x2000'06c6     0x2  masterNormal.o [1]
    .data            inited   0x2000'06c8     0x2  timer.o [1]
    .data            inited   0x2000'06ca     0x1  masterNormal.o [1]
    .data            inited   0x2000'06cb     0x1  masterNormal.o [1]
    .data            inited   0x2000'06cc     0x1  masterNormal.o [1]
    .data            inited   0x2000'06cd     0x1  masterNormal.o [1]
    .data            inited   0x2000'06ce     0x1  masterNormal.o [1]
    .data            inited   0x2000'06cf     0x1  masterNormal.o [1]
    .data            inited   0x2000'06d0     0x1  masterNormal.o [1]
    .data            inited   0x2000'06d1     0x1  masterNormal.o [1]
    .data            inited   0x2000'06d2     0x1  masterNormal.o [1]
    .data            inited   0x2000'06d3     0x1  masterNormal.o [1]
    .data            inited   0x2000'06d4     0x1  masterNormal.o [1]
    .data            inited   0x2000'06d5     0x1  masterNormal.o [1]
                            - 0x2000'06d6   0x6d6

"P2", part 2 of 3:                         0x1414
  .bss               zero     0x2000'06d8   0x410  AnyID_CanFestival_RS485.o [1]
  .bss               zero     0x2000'0ae8   0x410  AnyID_CanFestival_RS485.o [1]
  .bss               zero     0x2000'0ef8   0x408  AnyID_CanFestival_Device.o [1]
  .bss               zero     0x2000'1300   0x3d8  AnyID_CanFestival_Device.o [1]
  .bss               zero     0x2000'16d8   0x1d8  dlmalloc.o [2]
  .bss               zero     0x2000'18b0    0xc0  timer.o [1]
  .bss               zero     0x2000'1970    0x84  rand.o [2]
  .bss               zero     0x2000'19f4    0x34  AnyID_CanFestival_Can_HL.o [1]
  .bss               zero     0x2000'1a28    0x18  dlmalloc.o [2]
  .bss               zero     0x2000'1a40     0xc  masterNormal.o [1]
  .bss               zero     0x2000'1a4c     0xc  masterNormal.o [1]
  .bss               zero     0x2000'1a58     0xc  masterNormal.o [1]
  .bss               zero     0x2000'1a64     0x8  AnyID_CanFestival_FRam.o [1]
  .bss               zero     0x2000'1a6c     0x4  AnyID_CanFestival_SysCfg.o [1]
  .bss               zero     0x2000'1a70     0x8  masterNormal.o [1]
  .bss               zero     0x2000'1a78     0x8  masterNormal.o [1]
  .bss               zero     0x2000'1a80     0x4  AnyID_CanFestival_SysTick_HL.o [1]
  .bss               zero     0x2000'1a84     0x4  AnyID_CanFestival_SysTick_HL.o [1]
  .bss               zero     0x2000'1a88     0x4  AnyID_CanFestival_Tim_HL.o [1]
  .bss               zero     0x2000'1a8c     0x4  masterNormal.o [1]
  .bss               zero     0x2000'1a90     0x4  masterNormal.o [1]
  .bss               zero     0x2000'1a94     0x4  masterNormal.o [1]
  .bss               zero     0x2000'1a98     0x4  masterNormal.o [1]
  .bss               zero     0x2000'1a9c     0x4  masterNormal.o [1]
  .bss               zero     0x2000'1aa0     0x4  masterNormal.o [1]
  .bss               zero     0x2000'1aa4     0x4  masterNormal.o [1]
  .bss               zero     0x2000'1aa8     0x4  masterNormal.o [1]
  .bss               zero     0x2000'1aac     0x4  masterNormal.o [1]
  .bss               zero     0x2000'1ab0     0x4  masterNormal.o [1]
  .bss               zero     0x2000'1ab4     0x4  masterNormal.o [1]
  .bss               zero     0x2000'1ab8     0x4  masterNormal.o [1]
  .bss               zero     0x2000'1abc     0x4  masterNormal.o [1]
  .bss               zero     0x2000'1ac0     0x4  pdo.o [1]
  .bss               zero     0x2000'1ac4     0x4  xfail_s.o [2]
  .bss               zero     0x2000'1ac8     0x4  xgetmemchunk.o [2]
  .bss               zero     0x2000'1acc     0x2  masterNormal.o [1]
  .bss               zero     0x2000'1ace     0x2  masterNormal.o [1]
  .bss               zero     0x2000'1ad0     0x2  masterNormal.o [1]
  .bss               zero     0x2000'1ad2     0x2  masterNormal.o [1]
  .bss               zero     0x2000'1ad4     0x2  masterNormal.o [1]
  .bss               zero     0x2000'1ad6     0x2  masterNormal.o [1]
  .bss               zero     0x2000'1ad8     0x2  masterNormal.o [1]
  .bss               zero     0x2000'1ada     0x2  masterNormal.o [1]
  .bss               zero     0x2000'1adc     0x1  masterNormal.o [1]
  .bss               zero     0x2000'1add     0x1  masterNormal.o [1]
  .bss               zero     0x2000'1ade     0x1  masterNormal.o [1]
  .bss               zero     0x2000'1adf     0x1  masterNormal.o [1]
  .bss               zero     0x2000'1ae0     0x1  masterNormal.o [1]
  .bss               zero     0x2000'1ae1     0x1  masterNormal.o [1]
  .bss               zero     0x2000'1ae2     0x1  masterNormal.o [1]
  .bss               zero     0x2000'1ae3     0x1  masterNormal.o [1]
  .bss               zero     0x2000'1ae4     0x1  masterNormal.o [1]
  .bss               zero     0x2000'1ae5     0x1  masterNormal.o [1]
  .bss               zero     0x2000'1ae6     0x1  masterNormal.o [1]
  .bss               zero     0x2000'1ae7     0x1  masterNormal.o [1]
  .bss               zero     0x2000'1ae8     0x1  masterNormal.o [1]
  .bss               zero     0x2000'1ae9     0x1  masterNormal.o [1]
                            - 0x2000'1aea  0x1412

"P2", part 3 of 3:                         0x2000
  CSTACK                      0x2000'1af0  0x1000  <Block>
    CSTACK           uninit   0x2000'1af0  0x1000  <Block tail>
  HEAP                        0x2000'2af0  0x1000  <Block>
    HEAP             uninit   0x2000'2af0  0x1000  <Block tail>
                            - 0x2000'3af0  0x2000

Unused ranges:

         From           To    Size
         ----           --    ----
   0x800'437e   0x800'4fff   0xc82
   0x800'5032   0x800'5033     0x2
   0x801'08fc   0x801'ffff  0xf704
  0x2000'06d6  0x2000'06d7     0x2
  0x2000'1aec  0x2000'1aef     0x4
  0x2000'3af0  0x2000'4fff  0x1510


*******************************************************************************
*** INIT TABLE
***

          Address      Size
          -------      ----
Zero (__iar_zero_init3)
    1 destination range, total size 0x1412:
          0x2000'06d8  0x1412

Copy/lz77 (__iar_lz77_init_single3)
    1 source range, total size 0x226 (31% of destination):
           0x800'4158   0x226
    1 destination range, total size 0x6d6:
          0x2000'0000   0x6d6



*******************************************************************************
*** MODULE SUMMARY
***

    Module                            ro code  ro data  rw data  ro data
                                                                  (abs)
    ------                            -------  -------  -------  -------
command line/config:
    --------------------------------------------------------------------
    Total:

E:\AnyID\Git\CanFestivalMaster\CanFestivalMaster\CanFestivalMaster\Build\Obj: [1]
    AnyID_CanFestival_Can_HL.o            676       16       52
    AnyID_CanFestival_Device.o          1'032       44    2'016       50
    AnyID_CanFestival_FRam.o              320                 8
    AnyID_CanFestival_FRam_HL.o           552       16
    AnyID_CanFestival_RS485.o                             2'080
    AnyID_CanFestival_RS485_HL.o          388       24
    AnyID_CanFestival_SysCfg.o            896        1        8
    AnyID_CanFestival_SysTick_HL.o        164                 8
    AnyID_CanFestival_Tim_HL.o            216                 4
    AnyID_CanFestival_Uart_Receive.o      234
    AnyID_FRam.o                          566
    AnyID_Stdlib.o                         72
    emcy.o                                148
    lifegrd.o                           1'134
    main.o                                 24
    masterNormal.o                        332      733    1'718
    misc.o                                184
    nmtMaster.o                            92
    nmtSlave.o                            272
    objacces.o                            930
    pdo.o                               2'784                 4
    sdo.o                              13'366
    startup_stm32f10x_hd.o                548
    states.o                            1'246       64
    stm32f10x_can.o                     1'702
    stm32f10x_flash.o                      44
    stm32f10x_gpio.o                      376
    stm32f10x_it.o                        352
    stm32f10x_rcc.o                       792        6       20
    stm32f10x_tim.o                       274
    stm32f10x_usart.o                     710
    sync.o                                302
    system_stm32f10x.o                     82
    timer.o                               480        2      198
    --------------------------------------------------------------------
    Total:                             31'290      906    6'116       50

dl7M_tlf.a: [2]
    abort.o                                 6
    dlmalloc.o                          7'396               496
    exit.o                                  4
    heaptramp0.o                            8
    low_level_init.o                        4
    rand.o                                164        3      140
    sprintf.o                              64
    xencoding_8859_1.o                     30
    xfail_s.o                              64                 4
    xgetmemchunk.o                         44                 4
    xlocale_c.o                           124       45      128
    xmbcurmax.o                            10
    xprintffull.o                       4'294
    xsprout.o                              10
    --------------------------------------------------------------------
    Total:                             12'222       48      772

m7M_tl.a: [3]
    DblAdd.o                              362
    DblCmpGe.o                             46
    DblCmpLe.o                             46
    DblDiv.o                              582
    DblMul.o                              418
    DblSub.o                              226
    DblToS32.o                             58
    DblToU32.o                             40
    S32ToDbl.o                             34
    U32ToDbl.o                             26
    frexp.o                               112
    ldexp.o                               314
    --------------------------------------------------------------------
    Total:                              2'264

rt7M_tl.a: [4]
    ABImemcpy.o                           166
    ABImemset.o                           102
    I64DivMod.o                           560
    I64DivZer.o                             2
    cexit.o                                10
    cmain.o                                30
    cstartup_M.o                           12
    data_init.o                            40
    lz77_init_single.o                    120
    memchr.o                               88
    memcmp.o                              104
    strchr.o                               22
    strlen.o                               54
    zero_init3.o                           58
    --------------------------------------------------------------------
    Total:                              1'368

shb_l.a: [5]
    exit.o                                 20
    --------------------------------------------------------------------
    Total:                                 20

    Gaps                                   44        4
    Linker created                                  32    8'192
------------------------------------------------------------------------
    Grand Total:                       47'208      990   15'080       50


*******************************************************************************
*** ENTRY LIST
***

Entry                       Address    Size  Type      Object
-----                       -------    ----  ----      ------
.iar.init_table$$Base    0x801'0700           --   Gb  - Linker created -
.iar.init_table$$Limit   0x801'0720           --   Gb  - Linker created -
?main                    0x801'0721          Code  Gb  cmain.o [4]
ADCPrescTable           0x2000'0634     0x4  Data  Lc  stm32f10x_rcc.o [1]
APBAHBPrescTable        0x2000'0624    0x10  Data  Lc  stm32f10x_rcc.o [1]
BusFault_Handler         0x801'017f     0x2  Code  Gb  stm32f10x_it.o [1]
CAN_ClearITPendingBit    0x800'b349    0x98  Code  Gb  stm32f10x_can.o [1]
CAN_FIFORelease          0x800'b131    0x14  Code  Gb  stm32f10x_can.o [1]
CAN_FilterInit           0x800'ae5f    0xc6  Code  Gb  stm32f10x_can.o [1]
CAN_GetFlagStatus        0x800'b26d    0x14  Code  Gb  stm32f10x_can.o [1]
CAN_GetITStatus          0x800'b281    0xc8  Code  Gb  stm32f10x_can.o [1]
CAN_ITConfig             0x800'af3d    0x18  Code  Gb  stm32f10x_can.o [1]
CAN_Init                 0x800'ad4d   0x112  Code  Gb  stm32f10x_can.o [1]
CAN_MessagePending       0x800'b145    0x2a  Code  Gb  stm32f10x_can.o [1]
CAN_RX_PORT              0x801'07c0     0x8  Data  Gb  AnyID_CanFestival_Can_HL.o [1]
CAN_Receive              0x800'b16f    0xfe  Code  Gb  stm32f10x_can.o [1]
CAN_TX_PORT              0x801'07c8     0x8  Data  Gb  AnyID_CanFestival_Can_HL.o [1]
CAN_Transmit             0x800'af55   0x13e  Code  Gb  stm32f10x_can.o [1]
CAN_TransmitStatus       0x800'b093    0x9e  Code  Gb  stm32f10x_can.o [1]
CSTACK$$Base            0x2000'1af0           --   Gb  - Linker created -
CSTACK$$Limit           0x2000'2af0           --   Gb  - Linker created -
CacheMore                0x800'c6a1    0x28  Code  Lc  xlocale_c.o [2]
Can_Delayms              0x800'a8f3    0x12  Code  Gb  AnyID_CanFestival_Can_HL.o [1]
Can_InitInterface        0x800'a7bd   0x136  Code  Gb  AnyID_CanFestival_Can_HL.o [1]
CheckITStatus            0x800'b3e1    0x12  Code  Lc  stm32f10x_can.o [1]
ConsumerHeartbeatAlarm   0x800'e515    0x36  Code  Gb  lifegrd.o [1]
CopyBits                 0x800'd791    0xd8  Code  Gb  pdo.o [1]
DEVICE_VERSION           0x800'5000    0x32  Data  Gb  AnyID_CanFestival_Device.o [1]
DebugMon_Handler         0x801'0185     0x2  Code  Gb  stm32f10x_it.o [1]
DelAlarm                 0x800'a693    0x32  Code  Gb  timer.o [1]
Device_CanFestivalCallBackInit
                         0x800'ee99     0x4  Code  Gb  AnyID_CanFestival_Device.o [1]
Device_CanopenParamsUpDate
                         0x800'ec7d     0x2  Code  Gb  AnyID_CanFestival_Device.o [1]
Device_Init              0x800'eaf1    0x1c  Code  Gb  AnyID_CanFestival_Device.o [1]
Device_ReadDeviceParamenter
                         0x800'eb5f   0x11e  Code  Gb  AnyID_CanFestival_Device.o [1]
Device_ResetDeviceParamenter
                         0x800'eb0d    0x52  Code  Gb  AnyID_CanFestival_Device.o [1]
Device_ResponseFrame     0x800'ecbb   0x148  Code  Gb  AnyID_CanFestival_Device.o [1]
Device_SDOCallback       0x800'ee9d    0x3c  Code  Gb  AnyID_CanFestival_Device.o [1]
Device_WriteDeviceParamenter
                         0x800'ec7f    0x3c  Code  Gb  AnyID_CanFestival_Device.o [1]
FLASH_PrefetchBufferCmd
                         0x800'fbcb    0x14  Code  Gb  stm32f10x_flash.o [1]
FLASH_SetLatency         0x800'fbb9    0x12  Code  Gb  stm32f10x_flash.o [1]
FRAM_SCL_PORT            0x801'07d8     0x8  Data  Gb  AnyID_CanFestival_FRam_HL.o [1]
FRAM_SDA_PORT            0x801'07d0     0x8  Data  Gb  AnyID_CanFestival_FRam_HL.o [1]
FRam_Delayms             0x800'f343    0x12  Code  Gb  AnyID_CanFestival_FRam_HL.o [1]
FRam_I2CAck              0x800'f3dd    0x30  Code  Gb  AnyID_CanFestival_FRam_HL.o [1]
FRam_I2CDelay            0x800'f335     0xe  Code  Gb  AnyID_CanFestival_FRam_HL.o [1]
FRam_I2CNoAck            0x800'f40d    0x30  Code  Gb  AnyID_CanFestival_FRam_HL.o [1]
FRam_I2CReceiveByte      0x800'f4c9    0x4e  Code  Gb  AnyID_CanFestival_FRam_HL.o [1]
FRam_I2CSendByte         0x800'f47f    0x4a  Code  Gb  AnyID_CanFestival_FRam_HL.o [1]
FRam_I2CStart            0x800'f355    0x58  Code  Gb  AnyID_CanFestival_FRam_HL.o [1]
FRam_I2CStop             0x800'f3ad    0x30  Code  Gb  AnyID_CanFestival_FRam_HL.o [1]
FRam_I2CWaitAck          0x800'f43d    0x42  Code  Gb  AnyID_CanFestival_FRam_HL.o [1]
FRam_InitInterface       0x800'f2f9    0x3c  Code  Gb  AnyID_CanFestival_FRam_HL.o [1]
FRam_ReadBuffer          0x800'eef9    0xe2  Code  Gb  AnyID_FRam.o [1]
FRam_WriteBuffer         0x800'f087    0xa8  Code  Gb  AnyID_FRam.o [1]
FRam_WritePage           0x800'efdb    0xac  Code  Gb  AnyID_FRam.o [1]
Fram_ReadBootParamenter
                         0x800'f179    0xfc  Code  Gb  AnyID_CanFestival_FRam.o [1]
Fram_WriteBootParamenter
                         0x800'f275    0x3e  Code  Gb  AnyID_CanFestival_FRam.o [1]
GPIO_Init                0x800'abd5    0xea  Code  Gb  stm32f10x_gpio.o [1]
GPIO_PinRemapConfig      0x800'acbf    0x84  Code  Gb  stm32f10x_gpio.o [1]
GetSDOClientFromNodeId   0x800'8039    0x80  Code  Gb  sdo.o [1]
GuardTimeAlarm           0x800'e6eb    0x94  Code  Gb  lifegrd.o [1]
HEAP$$Base              0x2000'2af0           --   Gb  - Linker created -
HEAP$$Limit             0x2000'3af0           --   Gb  - Linker created -
HardFault_Handler        0x801'017b     0x2  Code  Gb  stm32f10x_it.o [1]
MemManage_Handler        0x801'017d     0x2  Code  Gb  stm32f10x_it.o [1]
NMI_Handler              0x801'0179     0x2  Code  Gb  stm32f10x_it.o [1]
NVIC_Init                0x800'b3ff    0x66  Code  Gb  misc.o [1]
NVIC_PriorityGroupConfig
                         0x800'b3f5     0xa  Code  Gb  misc.o [1]
NVIC_SetVectorTable      0x800'b465     0xc  Code  Gb  misc.o [1]
OnCOB_ID_SyncUpdate      0x800'e35f    0x12  Code  Gb  sync.o [1]
OnHeartbeatProducerUpdate
                         0x800'e797    0x18  Code  Gb  lifegrd.o [1]
OnNodeGuardUpdate        0x800'e77f    0x18  Code  Gb  lifegrd.o [1]
OnNumberOfErrorsUpdate   0x800'e481    0x36  Code  Gb  emcy.o [1]
PDOEventTimerAlarm       0x800'd9fd    0x2e  Code  Gb  pdo.o [1]
PDOInhibitTimerAlarm     0x800'da2d    0x36  Code  Gb  pdo.o [1]
PDOInit                  0x800'dd0f    0x5c  Code  Gb  pdo.o [1]
PDOStop                  0x800'dd75    0x94  Code  Gb  pdo.o [1]
PendSV_Handler           0x801'0187     0x2  Code  Gb  stm32f10x_it.o [1]
ProducerHeartbeatAlarm   0x800'e6a1    0x4a  Code  Gb  lifegrd.o [1]
RCC_ADCCLKConfig         0x800'f9cd    0x10  Code  Gb  stm32f10x_rcc.o [1]
RCC_APB1PeriphClockCmd   0x800'fad1    0x1c  Code  Gb  stm32f10x_rcc.o [1]
RCC_APB1PeriphResetCmd   0x800'fb09    0x1c  Code  Gb  stm32f10x_rcc.o [1]
RCC_APB2PeriphClockCmd   0x800'fab5    0x1c  Code  Gb  stm32f10x_rcc.o [1]
RCC_APB2PeriphResetCmd   0x800'faed    0x1c  Code  Gb  stm32f10x_rcc.o [1]
RCC_DeInit               0x800'f8a1    0x40  Code  Gb  stm32f10x_rcc.o [1]
RCC_GetClocksFreq        0x800'f9dd    0xd8  Code  Gb  stm32f10x_rcc.o [1]
RCC_GetFlagStatus        0x800'fb25    0x46  Code  Gb  stm32f10x_rcc.o [1]
RCC_GetSYSCLKSource      0x800'f98b     0xa  Code  Gb  stm32f10x_rcc.o [1]
RCC_HCLKConfig           0x800'f995    0x10  Code  Gb  stm32f10x_rcc.o [1]
RCC_HSEConfig            0x800'f8e1    0x3a  Code  Gb  stm32f10x_rcc.o [1]
RCC_PCLK1Config          0x800'f9a5    0x10  Code  Gb  stm32f10x_rcc.o [1]
RCC_PCLK2Config          0x800'f9b5    0x12  Code  Gb  stm32f10x_rcc.o [1]
RCC_PLLCmd               0x800'f971     0xa  Code  Gb  stm32f10x_rcc.o [1]
RCC_PLLConfig            0x800'f959    0x18  Code  Gb  stm32f10x_rcc.o [1]
RCC_SYSCLKConfig         0x800'f97b    0x10  Code  Gb  stm32f10x_rcc.o [1]
RCC_USBCLKConfig         0x800'f9c7     0x6  Code  Gb  stm32f10x_rcc.o [1]
RCC_WaitForHSEStartUp    0x800'f91b    0x3e  Code  Gb  stm32f10x_rcc.o [1]
Reader_ProcessUartFrame
                         0x800'ee03    0x96  Code  Gb  AnyID_CanFestival_Device.o [1]
Region$$Table$$Base      0x801'0700           --   Gb  - Linker created -
Region$$Table$$Limit     0x801'0720           --   Gb  - Linker created -
RegisterSetODentryCallBack
                         0x800'8807    0x3e  Code  Gb  objacces.o [1]
SDOTimeoutAlarm          0x800'5035    0xda  Code  Gb  sdo.o [1]
SDOlineToObjdict         0x800'512d    0xc0  Code  Gb  sdo.o [1]
SDOtoLine                0x800'53a5   0x172  Code  Gb  sdo.o [1]
STick_InitSysTick        0x800'fdc5    0x26  Code  Gb  AnyID_CanFestival_SysTick_HL.o [1]
SVC_Handler              0x801'0183     0x2  Code  Gb  stm32f10x_it.o [1]
SetAlarm                 0x800'a5dd    0xb6  Code  Gb  timer.o [1]
SetSysClock              0x801'06a9     0x2  Code  Lc  system_stm32f10x.o [1]
SlaveSysTick            0x2000'1a8c     0x4  Data  Gb  masterNormal.o [1]
SyncAlarm                0x800'e351     0xe  Code  Gb  sync.o [1]
SysTick_CLKSourceConfig
                         0x800'b471    0x1c  Code  Gb  misc.o [1]
SysTick_Config           0x800'fd95    0x30  Code  Lc  AnyID_CanFestival_SysTick_HL.o [1]
SysTick_Handler          0x801'0189    0x44  Code  Gb  stm32f10x_it.o [1]
Sys_CanTsak              0x800'f7f7    0x3a  Code  Gb  AnyID_CanFestival_SysCfg.o [1]
Sys_CfgClock             0x800'f533    0x76  Code  Gb  AnyID_CanFestival_SysCfg.o [1]
Sys_CfgNVIC              0x800'f5c5    0x18  Code  Gb  AnyID_CanFestival_SysCfg.o [1]
Sys_CfgPeriphClk         0x800'f5a9    0x1c  Code  Gb  AnyID_CanFestival_SysCfg.o [1]
Sys_CtrlIOInit           0x800'f5dd     0xc  Code  Gb  AnyID_CanFestival_SysCfg.o [1]
Sys_Delayms              0x800'f521    0x12  Code  Gb  AnyID_CanFestival_SysCfg.o [1]
Sys_DeviceTask           0x800'f831    0x3c  Code  Gb  AnyID_CanFestival_SysCfg.o [1]
Sys_Init                 0x800'f5e9    0xa6  Code  Gb  AnyID_CanFestival_SysCfg.o [1]
Sys_LedTask              0x800'f68f    0x9c  Code  Gb  AnyID_CanFestival_SysCfg.o [1]
Sys_Rs485Task            0x800'f72b    0xcc  Code  Gb  AnyID_CanFestival_SysCfg.o [1]
SystemInit               0x801'0659    0x3c  Code  Gb  system_stm32f10x.o [1]
TIM1_UP_IRQHandler       0x800'ab35    0x28  Code  Gb  AnyID_CanFestival_Tim_HL.o [1]
TIM_ClearITPendingBit    0x800'b5c9     0xa  Code  Gb  stm32f10x_tim.o [1]
TIM_Cmd                  0x800'b565    0x1e  Code  Gb  stm32f10x_tim.o [1]
TIM_GetITStatus          0x800'b59b    0x2e  Code  Gb  stm32f10x_tim.o [1]
TIM_ITConfig             0x800'b583    0x18  Code  Gb  stm32f10x_tim.o [1]
TIM_TimeBaseInit         0x800'b4c1    0x7c  Code  Gb  stm32f10x_tim.o [1]
TPDO_Communication_Parameter_Callback
                         0x800'dc67    0xa8  Code  Gb  pdo.o [1]
Tim_InitInterface        0x800'aa95    0x7e  Code  Gb  AnyID_CanFestival_Tim_HL.o [1]
TimeDispatch             0x800'a6c5    0xea  Code  Gb  timer.o [1]
UART_485_CTRL            0x801'07f0     0x8  Data  Gb  AnyID_CanFestival_RS485_HL.o [1]
UART_PORT_RX             0x801'07e8     0x8  Data  Gb  AnyID_CanFestival_RS485_HL.o [1]
UART_PORT_TX             0x801'07e0     0x8  Data  Gb  AnyID_CanFestival_RS485_HL.o [1]
USART1_IRQHandler        0x801'01cd    0x4e  Code  Gb  stm32f10x_it.o [1]
USART_ClearFlag          0x801'00d7    0x10  Code  Gb  stm32f10x_usart.o [1]
USART_ClearITPendingBit
                         0x801'0151    0x26  Code  Gb  stm32f10x_usart.o [1]
USART_Cmd                0x801'002d    0x1e  Code  Gb  stm32f10x_usart.o [1]
USART_DeInit             0x800'feb1    0x90  Code  Gb  stm32f10x_usart.o [1]
USART_GetFlagStatus      0x801'00bb    0x1c  Code  Gb  stm32f10x_usart.o [1]
USART_GetITStatus        0x801'00e7    0x6a  Code  Gb  stm32f10x_usart.o [1]
USART_ITConfig           0x801'004b    0x70  Code  Gb  stm32f10x_usart.o [1]
USART_Init               0x800'ff41    0xd6  Code  Gb  stm32f10x_usart.o [1]
USB_LP_CAN1_RX0_IRQHandler
                         0x801'021b    0x9e  Code  Gb  stm32f10x_it.o [1]
Uart_ConfigInt           0x800'fc8d    0x22  Code  Gb  AnyID_CanFestival_RS485_HL.o [1]
Uart_Delayms             0x800'fcdf    0x12  Code  Gb  AnyID_CanFestival_RS485_HL.o [1]
Uart_EnableInt           0x800'fcaf    0x30  Code  Gb  AnyID_CanFestival_RS485_HL.o [1]
Uart_InitInterface       0x800'fbe5    0xa8  Code  Gb  AnyID_CanFestival_RS485_HL.o [1]
Uart_ReceiveFrame        0x801'02d9    0xea  Code  Gb  AnyID_CanFestival_Uart_Receive.o [1]
Uart_WriteBuffer         0x800'fd03    0x4e  Code  Gb  AnyID_CanFestival_RS485_HL.o [1]
Uart_WriteByte           0x800'fcf1    0x12  Code  Gb  AnyID_CanFestival_RS485_HL.o [1]
UsageFault_Handler       0x801'0181     0x2  Code  Gb  stm32f10x_it.o [1]
_Encoding_8859_1_Mbrlen
                         0x800'4143     0x2  Code  Gb  xencoding_8859_1.o [2]
_Encoding_8859_1_Wctomb
                         0x800'4131    0x12  Code  Gb  xencoding_8859_1.o [2]
_LitobFull               0x800'c4e7   0x10a  Code  Lc  xprintffull.o [2]
_Locale_lconv           0x2000'0644    0x38  Data  Lc  xlocale_c.o [2]
_PrintfFull              0x800'b5d5   0xcc4  Code  Gb  xprintffull.o [2]
_PutcharsFull            0x800'c659    0x2e  Code  Lc  xprintffull.o [2]
_PutstrFull              0x800'c427    0xc0  Code  Lc  xprintffull.o [2]
_PuttxtFull              0x800'c31b   0x10c  Code  Lc  xprintffull.o [2]
_Rand_idx               0x2000'19f0     0x4  Data  Lc  rand.o [2]
_Rand_rv                0x2000'1970    0x80  Data  Lc  rand.o [2]
_Randinit               0x2000'063c     0x1  Data  Gb  rand.o [2]
_Randseed               0x2000'0640     0x4  Data  Gb  rand.o [2]
_RxPDO_EventTimers_Handler
                         0x800'da63     0x2  Code  Gb  pdo.o [1]
_SProut                  0x800'414f     0xa  Code  Gb  xsprout.o [2]
__ICFEDIT_region_RAM_end__ {Abs}
                        0x2000'4fff          Data  Gb  <internal module>
__ICFEDIT_region_RAM_start__ {Abs}
                        0x2000'0000          Data  Gb  <internal module>
__NVIC_SetPriority       0x800'fd69    0x2c  Code  Lc  AnyID_CanFestival_SysTick_HL.o [1]
__aeabi_cdcmple          0x800'c871          Code  Gb  DblCmpLe.o [3]
__aeabi_cdrcmple         0x800'c8a1          Code  Gb  DblCmpGe.o [3]
__aeabi_d2iz             0x800'ca0d          Code  Gb  DblToS32.o [3]
__aeabi_d2uiz            0x800'cd99          Code  Gb  DblToU32.o [3]
__aeabi_ddiv             0x800'cb51          Code  Gb  DblDiv.o [3]
__aeabi_dmul             0x800'cddd          Code  Gb  DblMul.o [3]
__aeabi_dsub             0x800'ca6d          Code  Gb  DblSub.o [3]
__aeabi_i2d              0x800'ca49          Code  Gb  S32ToDbl.o [3]
__aeabi_ldiv0            0x800'd325          Code  Gb  I64DivZer.o [4]
__aeabi_memcpy           0x800'a52d          Code  Gb  ABImemcpy.o [4]
__aeabi_memcpy4          0x800'a54d          Code  Gb  ABImemcpy.o [4]
__aeabi_memcpy8          0x800'a54d          Code  Gb  ABImemcpy.o [4]
__aeabi_memset           0x800'ab6d          Code  Gb  ABImemset.o [4]
__aeabi_ui2d             0x800'cdc1          Code  Gb  U32ToDbl.o [3]
__aeabi_uldivmod         0x800'cf89          Code  Gb  I64DivMod.o [4]
__cmain                  0x801'0721          Code  Gb  cmain.o [4]
__data_GetMemChunk       0x800'aa69    0x2c  Code  Gb  xgetmemchunk.o [2]
__data_GetMemChunk::start
                        0x2000'1ac8     0x4  Data  Lc  xgetmemchunk.o [2]
__exit                   0x800'b4ad    0x14  Code  Gb  exit.o [5]
__iar_Fail_s             0x800'c731    0x1c  Code  Gb  xfail_s.o [2]
__iar_Mbcurmax           0x800'cf7f     0xa  Code  Gb  xmbcurmax.o [2]
__iar_Memchr             0x800'c7a9          Code  Gb  memchr.o [4]
__iar_Memset             0x800'ab6d          Code  Gb  ABImemset.o [4]
__iar_Memset_word        0x800'ab75          Code  Gb  ABImemset.o [4]
__iar_Strchr             0x800'c719          Code  Gb  strchr.o [4]
__iar_dadd               0x800'ca7d          Code  Gb  DblSub.o [3]
__iar_data_init3         0x801'06d9    0x28  Code  Gb  data_init.o [4]
__iar_dlfree             0x800'9c67   0x51e  Code  Gb  dlmalloc.o [2]
__iar_dlmalloc           0x800'8d79   0xeee  Code  Gb  dlmalloc.o [2]
__iar_dlrealloc          0x800'a4a1    0x7e  Code  Gb  dlmalloc.o [2]
__iar_dsub               0x800'd1b9          Code  Gb  DblAdd.o [3]
__iar_dsubStart          0x800'd1cb          Code  Gb  DblAdd.o [3]
__iar_frexp              0x800'c80d          Code  Gb  frexp.o [3]
__iar_frexp64            0x800'c801          Code  Gb  frexp.o [3]
__iar_frexpl             0x800'c80d          Code  Gb  frexp.o [3]
__iar_globLocale        0x2000'067c    0x48  Data  Lc  xlocale_c.o [2]
__iar_global_Locale      0x800'c69d     0x4  Code  Gb  xlocale_c.o [2]
__iar_ldexp64            0x800'c8d1          Code  Gb  ldexp.o [3]
__iar_lz77_init_single3
                         0x801'05e1    0x78  Code  Gb  lz77_init_single.o [4]
__iar_program_start      0x801'07b5          Code  Gb  cstartup_M.o [4]
__iar_scalbln64          0x800'c8d1          Code  Gb  ldexp.o [3]
__iar_scalbn64           0x800'c8d1          Code  Gb  ldexp.o [3]
__iar_zero_init3         0x800'846b    0x3a  Code  Gb  zero_init3.o [4]
__low_level_init         0x801'073f     0x4  Code  Gb  low_level_init.o [2]
__vector_table           0x800'4000          Data  Gb  startup_stm32f10x_hd.o [1]
_call_main               0x801'072d          Code  Gb  cmain.o [4]
_exit                    0x801'0761          Code  Gb  cexit.o [4]
_gLocale_mblen           0x800'c705     0x4  Code  Gb  xlocale_c.o [2]
_gLocale_mblenInt        0x800'c6c9    0x2c  Code  Gb  xlocale_c.o [2]
_gLocale_wctomb          0x800'c709     0x4  Code  Gb  xlocale_c.o [2]
_gLocale_wctombInt       0x800'c701     0x4  Code  Gb  xlocale_c.o [2]
_getODentry              0x800'84af   0x166  Code  Gb  objacces.o [1]
_gm_                    0x2000'16d8   0x1d8  Data  Lc  dlmalloc.o [2]
_heartbeatError          0x800'e95d     0x2  Code  Gb  lifegrd.o [1]
_initialisation          0x800'e331     0x2  Code  Gb  states.o [1]
_main                    0x801'073b          Code  Gb  cmain.o [4]
_nodeguardError          0x800'e981     0x2  Code  Gb  lifegrd.o [1]
_operational             0x800'e34b     0x2  Code  Gb  states.o [1]
_post_SlaveBootup        0x800'e95f    0x20  Code  Gb  lifegrd.o [1]
_post_SlaveStateChange   0x800'e97f     0x2  Code  Gb  lifegrd.o [1]
_post_TPDO               0x800'e47d     0x2  Code  Gb  sync.o [1]
_post_emcy               0x800'e513     0x2  Code  Gb  emcy.o [1]
_post_sync               0x800'e47b     0x2  Code  Gb  sync.o [1]
_preOperational          0x800'e333    0x18  Code  Gb  states.o [1]
_sendPDOevent            0x800'da65   0x202  Code  Gb  pdo.o [1]
_setODentry              0x800'8615   0x1c2  Code  Gb  objacces.o [1]
_stopped                 0x800'e34d     0x2  Code  Gb  states.o [1]
_storeODSubIndex         0x800'8845     0x2  Code  Gb  objacces.o [1]
_writeNetworkDict        0x800'80b9   0x230  Code  Gb  sdo.o [1]
a_GetCrc                 0x800'f131    0x48  Code  Gb  AnyID_Stdlib.o [1]
abort                    0x800'aa61     0x6  Code  Gb  abort.o [2]
accessDictionaryError    0x800'84a5     0xa  Code  Gb  objacces.o [1]
buildPDO                 0x800'd329   0x10c  Code  Gb  pdo.o [1]
canDispatch              0x800'de71    0x9c  Code  Gb  states.o [1]
canSend                  0x800'a905    0xb8  Code  Gb  AnyID_CanFestival_Can_HL.o [1]
canSendRepat             0x800'a9bd    0x96  Code  Gb  AnyID_CanFestival_Can_HL.o [1]
dispose_chunk            0x800'88d1   0x4a6  Code  Lc  dlmalloc.o [2]
emergencyInit            0x800'e4b7    0x1c  Code  Gb  emcy.o [1]
emergencyStop            0x800'e4d9     0x2  Code  Gb  emcy.o [1]
exit                     0x801'075b     0x4  Code  Gb  exit.o [2]
failedSDO                0x800'5517    0xc2  Code  Gb  sdo.o [1]
free                     0x800'a5d3     0x4  Code  Gb  heaptramp0.o [2]
frexp                    0x800'c801          Code  Gb  frexp.o [3]
frexpl                   0x800'c801          Code  Gb  frexp.o [3]
g_nChkComTime           0x2000'1a6c     0x4  Data  Gb  AnyID_CanFestival_SysCfg.o [1]
g_nPdoFlag              0x2000'1ac0     0x4  Data  Gb  pdo.o [1]
g_nRfu16                0x2000'1acc     0x2  Data  Gb  masterNormal.o [1]
g_nRfu32                0x2000'1a90     0x4  Data  Gb  masterNormal.o [1]
g_nRfu64                0x2000'1a70     0x8  Data  Gb  masterNormal.o [1]
g_nRfu8                 0x2000'1adc     0x1  Data  Gb  masterNormal.o [1]
g_nSysDelay             0x2000'1a84     0x4  Data  Gb  AnyID_CanFestival_SysTick_HL.o [1]
g_nSysState             0x2000'0000     0x4  Data  Gb  AnyID_CanFestival_SysCfg.o [1]
g_nSysTick              0x2000'1a80     0x4  Data  Gb  AnyID_CanFestival_SysTick_HL.o [1]
g_sCanFrame             0x2000'19f4    0x34  Data  Gb  AnyID_CanFestival_Can_HL.o [1]
g_sDeviceParams         0x2000'1300   0x3d8  Data  Gb  AnyID_CanFestival_Device.o [1]
g_sFramBootParamenter   0x2000'1a64     0x8  Data  Gb  AnyID_CanFestival_FRam.o [1]
g_sRS485RcvFrame        0x2000'0ae8   0x410  Data  Gb  AnyID_CanFestival_RS485.o [1]
g_sReaderRspFrame       0x2000'0ef8   0x408  Data  Gb  AnyID_CanFestival_Device.o [1]
g_sUartRcvTempFrame     0x2000'06d8   0x410  Data  Gb  AnyID_CanFestival_RS485.o [1]
getElapsedTime           0x800'ab25    0x10  Code  Gb  AnyID_CanFestival_Tim_HL.o [1]
getNodeId                0x800'e141     0x6  Code  Gb  states.o [1]
getReadResultNetworkDict
                         0x800'8327   0x144  Code  Gb  sdo.o [1]
getSDOfreeLine           0x800'57f1    0x40  Code  Gb  sdo.o [1]
getSDOlineOnUse          0x800'5831    0x70  Code  Gb  sdo.o [1]
getSDOlineRestBytes      0x800'58a1    0x3c  Code  Gb  sdo.o [1]
heartbeatInit            0x800'e7af    0x8e  Code  Gb  lifegrd.o [1]
heartbeatStop            0x800'e8e5    0x42  Code  Gb  lifegrd.o [1]
initSDOline              0x800'5633   0x1b0  Code  Gb  sdo.o [1]
init_mparams             0x800'8863    0x2c  Code  Lc  dlmalloc.o [2]
init_top                 0x800'888f    0x34  Code  Lc  dlmalloc.o [2]
lastTime                0x2000'1a88     0x4  Data  Lc  AnyID_CanFestival_Tim_HL.o [1]
last_timer_raw          0x2000'06c8     0x2  Data  Gb  timer.o [1]
ldexp                    0x800'c8d1          Code  Gb  ldexp.o [3]
ldexpl                   0x800'c8d1          Code  Gb  ldexp.o [3]
lifeGuardInit            0x800'e939    0x12  Code  Gb  lifegrd.o [1]
lifeGuardStop            0x800'e94b    0x12  Code  Gb  lifegrd.o [1]
lineToSDO                0x800'52e3    0xc2  Code  Gb  sdo.o [1]
localeconv               0x800'c70d     0x4  Code  Gb  xlocale_c.o [2]
main                     0x801'0743    0x18  Code  Gb  main.o [1]
masterNormal_Data       0x2000'0330   0x2f4  Data  Gb  masterNormal.o [1]
masterNormal_Index1000  0x2000'0004     0xc  Data  Gb  masterNormal.o [1]
masterNormal_Index1001  0x2000'0010     0xc  Data  Gb  masterNormal.o [1]
masterNormal_Index1003  0x2000'001c    0x18  Data  Gb  masterNormal.o [1]
masterNormal_Index1003_callbacks
                        0x2000'1a78     0x8  Data  Gb  masterNormal.o [1]
masterNormal_Index1005  0x2000'0038     0xc  Data  Gb  masterNormal.o [1]
masterNormal_Index1005_callbacks
                        0x2000'1a9c     0x4  Data  Gb  masterNormal.o [1]
masterNormal_Index1006  0x2000'0048     0xc  Data  Gb  masterNormal.o [1]
masterNormal_Index1006_callbacks
                        0x2000'1aa0     0x4  Data  Gb  masterNormal.o [1]
masterNormal_Index1007  0x2000'0054     0xc  Data  Gb  masterNormal.o [1]
masterNormal_Index1008  0x2000'0060     0xc  Data  Gb  masterNormal.o [1]
masterNormal_Index1009  0x2000'006c     0xc  Data  Gb  masterNormal.o [1]
masterNormal_Index100A  0x2000'0078     0xc  Data  Gb  masterNormal.o [1]
masterNormal_Index1014  0x2000'0088     0xc  Data  Gb  masterNormal.o [1]
masterNormal_Index1016  0x2000'0094    0x18  Data  Gb  masterNormal.o [1]
masterNormal_Index1017  0x2000'00ac     0xc  Data  Gb  masterNormal.o [1]
masterNormal_Index1017_callbacks
                        0x2000'1aac     0x4  Data  Gb  masterNormal.o [1]
masterNormal_Index1018  0x2000'00b8    0x3c  Data  Gb  masterNormal.o [1]
masterNormal_Index1280  0x2000'00fc    0x30  Data  Gb  masterNormal.o [1]
masterNormal_Index1281  0x2000'0134    0x30  Data  Gb  masterNormal.o [1]
masterNormal_Index1400  0x2000'0168    0x54  Data  Gb  masterNormal.o [1]
masterNormal_Index1401  0x2000'01c0    0x54  Data  Gb  masterNormal.o [1]
masterNormal_Index1402  0x2000'0218    0x54  Data  Gb  masterNormal.o [1]
masterNormal_Index1600  0x2000'0270    0x18  Data  Gb  masterNormal.o [1]
masterNormal_Index1601  0x2000'0294    0x30  Data  Gb  masterNormal.o [1]
masterNormal_Index1602  0x2000'02c8    0x18  Data  Gb  masterNormal.o [1]
masterNormal_Index2000  0x2000'02e0     0xc  Data  Gb  masterNormal.o [1]
masterNormal_Index2001  0x2000'02ec     0xc  Data  Gb  masterNormal.o [1]
masterNormal_Index2002  0x2000'02f8     0xc  Data  Gb  masterNormal.o [1]
masterNormal_Index2003  0x2000'0304     0xc  Data  Gb  masterNormal.o [1]
masterNormal_Index2004  0x2000'0310     0xc  Data  Gb  masterNormal.o [1]
masterNormal_ObjdictSize
                         0x800'aa66     0x2  Data  Gb  masterNormal.o [1]
masterNormal_PDO_status
                        0x2000'031c    0x14  Data  Gb  masterNormal.o [1]
masterNormal_bDeviceNodeId
                        0x2000'1add     0x1  Data  Gb  masterNormal.o [1]
masterNormal_firstIndex
                         0x801'079c     0xc  Data  Gb  masterNormal.o [1]
masterNormal_heartBeatTimers
                        0x2000'06c4     0x2  Data  Gb  masterNormal.o [1]
masterNormal_highestSubIndex_obj1003
                        0x2000'1adf     0x1  Data  Gb  masterNormal.o [1]
masterNormal_highestSubIndex_obj1016
                        0x2000'06ca     0x1  Data  Gb  masterNormal.o [1]
masterNormal_highestSubIndex_obj1018
                        0x2000'06cb     0x1  Data  Gb  masterNormal.o [1]
masterNormal_highestSubIndex_obj1280
                        0x2000'06cc     0x1  Data  Gb  masterNormal.o [1]
masterNormal_highestSubIndex_obj1281
                        0x2000'06ce     0x1  Data  Gb  masterNormal.o [1]
masterNormal_highestSubIndex_obj1400
                        0x2000'06d0     0x1  Data  Gb  masterNormal.o [1]
masterNormal_highestSubIndex_obj1401
                        0x2000'06d1     0x1  Data  Gb  masterNormal.o [1]
masterNormal_highestSubIndex_obj1402
                        0x2000'06d2     0x1  Data  Gb  masterNormal.o [1]
masterNormal_highestSubIndex_obj1600
                        0x2000'06d3     0x1  Data  Gb  masterNormal.o [1]
masterNormal_highestSubIndex_obj1601
                        0x2000'06d4     0x1  Data  Gb  masterNormal.o [1]
masterNormal_highestSubIndex_obj1602
                        0x2000'06d5     0x1  Data  Gb  masterNormal.o [1]
masterNormal_iam_a_slave
                         0x800'b5d2     0x1  Data  Gb  masterNormal.o [1]
masterNormal_lastIndex   0x801'07a8     0xc  Data  Gb  masterNormal.o [1]
masterNormal_obj1000    0x2000'1a94     0x4  Data  Gb  masterNormal.o [1]
masterNormal_obj1001    0x2000'1ade     0x1  Data  Gb  masterNormal.o [1]
masterNormal_obj1003    0x2000'1a98     0x4  Data  Gb  masterNormal.o [1]
masterNormal_obj1005    0x2000'0034     0x4  Data  Gb  masterNormal.o [1]
masterNormal_obj1006    0x2000'0044     0x4  Data  Gb  masterNormal.o [1]
masterNormal_obj1007    0x2000'1aa4     0x4  Data  Gb  masterNormal.o [1]
masterNormal_obj1008    0x2000'1a40     0xc  Data  Gb  masterNormal.o [1]
masterNormal_obj1009    0x2000'1a4c     0xc  Data  Gb  masterNormal.o [1]
masterNormal_obj100A    0x2000'1a58     0xc  Data  Gb  masterNormal.o [1]
masterNormal_obj100C    0x2000'1ace     0x2  Data  Gb  masterNormal.o [1]
masterNormal_obj100D    0x2000'1ae0     0x1  Data  Gb  masterNormal.o [1]
masterNormal_obj1014    0x2000'0084     0x4  Data  Gb  masterNormal.o [1]
masterNormal_obj1016    0x2000'1aa8     0x4  Data  Gb  masterNormal.o [1]
masterNormal_obj1017    0x2000'06c6     0x2  Data  Gb  masterNormal.o [1]
masterNormal_obj1018_Product_Code
                        0x2000'1ab4     0x4  Data  Gb  masterNormal.o [1]
masterNormal_obj1018_Revision_Number
                        0x2000'1ab8     0x4  Data  Gb  masterNormal.o [1]
masterNormal_obj1018_Serial_Number
                        0x2000'1abc     0x4  Data  Gb  masterNormal.o [1]
masterNormal_obj1018_Vendor_ID
                        0x2000'1ab0     0x4  Data  Gb  masterNormal.o [1]
masterNormal_obj1280_COB_ID_Client_to_Server_Transmit_SDO
                        0x2000'00f4     0x4  Data  Gb  masterNormal.o [1]
masterNormal_obj1280_COB_ID_Server_to_Client_Receive_SDO
                        0x2000'00f8     0x4  Data  Gb  masterNormal.o [1]
masterNormal_obj1280_Node_ID_of_the_SDO_Server
                        0x2000'06cd     0x1  Data  Gb  masterNormal.o [1]
masterNormal_obj1281_COB_ID_Client_to_Server_Transmit_SDO
                        0x2000'012c     0x4  Data  Gb  masterNormal.o [1]
masterNormal_obj1281_COB_ID_Server_to_Client_Receive_SDO
                        0x2000'0130     0x4  Data  Gb  masterNormal.o [1]
masterNormal_obj1281_Node_ID_of_the_SDO_Server
                        0x2000'06cf     0x1  Data  Gb  masterNormal.o [1]
masterNormal_obj1400_COB_ID_used_by_PDO
                        0x2000'0164     0x4  Data  Gb  masterNormal.o [1]
masterNormal_obj1400_Compatibility_Entry
                        0x2000'1ae2     0x1  Data  Gb  masterNormal.o [1]
masterNormal_obj1400_Event_Timer
                        0x2000'1ad2     0x2  Data  Gb  masterNormal.o [1]
masterNormal_obj1400_Inhibit_Time
                        0x2000'1ad0     0x2  Data  Gb  masterNormal.o [1]
masterNormal_obj1400_SYNC_start_value
                        0x2000'1ae3     0x1  Data  Gb  masterNormal.o [1]
masterNormal_obj1400_Transmission_Type
                        0x2000'1ae1     0x1  Data  Gb  masterNormal.o [1]
masterNormal_obj1401_COB_ID_used_by_PDO
                        0x2000'01bc     0x4  Data  Gb  masterNormal.o [1]
masterNormal_obj1401_Compatibility_Entry
                        0x2000'1ae5     0x1  Data  Gb  masterNormal.o [1]
masterNormal_obj1401_Event_Timer
                        0x2000'1ad6     0x2  Data  Gb  masterNormal.o [1]
masterNormal_obj1401_Inhibit_Time
                        0x2000'1ad4     0x2  Data  Gb  masterNormal.o [1]
masterNormal_obj1401_SYNC_start_value
                        0x2000'1ae6     0x1  Data  Gb  masterNormal.o [1]
masterNormal_obj1401_Transmission_Type
                        0x2000'1ae4     0x1  Data  Gb  masterNormal.o [1]
masterNormal_obj1402_COB_ID_used_by_PDO
                        0x2000'0214     0x4  Data  Gb  masterNormal.o [1]
masterNormal_obj1402_Compatibility_Entry
                        0x2000'1ae8     0x1  Data  Gb  masterNormal.o [1]
masterNormal_obj1402_Event_Timer
                        0x2000'1ada     0x2  Data  Gb  masterNormal.o [1]
masterNormal_obj1402_Inhibit_Time
                        0x2000'1ad8     0x2  Data  Gb  masterNormal.o [1]
masterNormal_obj1402_SYNC_start_value
                        0x2000'1ae9     0x1  Data  Gb  masterNormal.o [1]
masterNormal_obj1402_Transmission_Type
                        0x2000'1ae7     0x1  Data  Gb  masterNormal.o [1]
masterNormal_obj1600    0x2000'026c     0x4  Data  Gb  masterNormal.o [1]
masterNormal_obj1601    0x2000'0288     0xc  Data  Gb  masterNormal.o [1]
masterNormal_obj1602    0x2000'02c4     0x4  Data  Gb  masterNormal.o [1]
masterNormal_objdict     0x801'0510    0xd0  Data  Gb  masterNormal.o [1]
masterNormal_scanIndexOD
                         0x801'03dd   0x118  Code  Gb  masterNormal.o [1]
masterNormal_valueRangeTest
                         0x801'03c5    0x18  Code  Gb  masterNormal.o [1]
masterSendNMTnodeguard   0x800'eac3    0x2c  Code  Gb  nmtMaster.o [1]
masterSendNMTstateChange
                         0x800'ea93    0x30  Code  Gb  nmtMaster.o [1]
memchr                   0x800'c7a9          Code  Gb  memchr.o [4]
memcmp                   0x800'de09          Code  Gb  memcmp.o [4]
mparams                 0x2000'1a28    0x18  Data  Lc  dlmalloc.o [2]
nodeguardInit            0x800'e83d    0x92  Code  Gb  lifegrd.o [1]
nodeguardStop            0x800'e927    0x12  Code  Gb  lifegrd.o [1]
objdictToSDOline         0x800'51ed    0xf6  Code  Gb  sdo.o [1]
proceedEMCY              0x800'e4db    0x38  Code  Gb  emcy.o [1]
proceedNMTstateChange    0x800'e983    0xe0  Code  Gb  nmtSlave.o [1]
proceedNODE_GUARD        0x800'e54b   0x156  Code  Gb  lifegrd.o [1]
proceedPDO               0x800'd435   0x35c  Code  Gb  pdo.o [1]
proceedSDO               0x800'5a2d  0x2602  Code  Gb  sdo.o [1]
proceedSYNC              0x800'e44b    0x30  Code  Gb  sync.o [1]
rand                     0x800'fe0d    0x94  Code  Gb  rand.o [2]
realloc                  0x800'a5d7     0x4  Code  Gb  heaptramp0.o [2]
resetSDO                 0x800'510f    0x1e  Code  Gb  sdo.o [1]
resetSDOline             0x800'55d9    0x5a  Code  Gb  sdo.o [1]
scalbln                  0x800'c8d1          Code  Gb  ldexp.o [3]
scalblnl                 0x800'c8d1          Code  Gb  ldexp.o [3]
scalbn                   0x800'c8d1          Code  Gb  ldexp.o [3]
scalbnl                  0x800'c8d1          Code  Gb  ldexp.o [3]
scale                    0x800'c5f1    0x46  Code  Lc  xprintffull.o [2]
scanIndexOD              0x800'87ed    0x1a  Code  Gb  objacces.o [1]
sec_hand                0x2000'1ac4     0x4  Data  Lc  xfail_s.o [2]
segment_holding          0x800'8849    0x1a  Code  Lc  dlmalloc.o [2]
sendOnePDOevent          0x800'd891   0x16c  Code  Gb  pdo.o [1]
sendPdo                  0x800'd869    0x28  Code  Lc  pdo.o [1]
sendSDO                  0x800'58f5    0xd6  Code  Gb  sdo.o [1]
sendSDOabort             0x800'59cb    0x60  Code  Gb  sdo.o [1]
sendSYNC                 0x800'e433    0x18  Code  Gb  sync.o [1]
sendSYNCMessage          0x800'e40b    0x28  Code  Gb  sync.o [1]
setNodeId                0x800'e147   0x1ce  Code  Gb  states.o [1]
setSDOlineRestBytes      0x800'58dd    0x18  Code  Gb  sdo.o [1]
setState                 0x800'e065    0xdc  Code  Gb  states.o [1]
setTimer                 0x800'ab13    0x12  Code  Gb  AnyID_CanFestival_Tim_HL.o [1]
slaveSendBootUp          0x800'ea63    0x30  Code  Gb  nmtSlave.o [1]
sprintf                  0x800'f2b9    0x40  Code  Gb  sprintf.o [2]
startSYNC                0x800'e371    0x64  Code  Gb  sync.o [1]
stopSYNC                 0x800'e3dd    0x2e  Code  Gb  sync.o [1]
strchr                   0x800'c719          Code  Gb  strchr.o [4]
strlen                   0x800'c771          Code  Gb  strlen.o [4]
switchCommunicationState
                         0x800'df0d   0x158  Code  Gb  states.o [1]
timers                  0x2000'18b0    0xc0  Data  Gb  timer.o [1]
total_sleep_time        0x2000'0638     0x4  Data  Gb  timer.o [1]
try_realloc_chunk        0x800'a189   0x318  Code  Lc  dlmalloc.o [2]
writeNetworkDictCallBack
                         0x800'82e9    0x3e  Code  Gb  sdo.o [1]


[1] = E:\AnyID\Git\CanFestivalMaster\CanFestivalMaster\CanFestivalMaster\Build\Obj
[2] = dl7M_tlf.a
[3] = m7M_tl.a
[4] = rt7M_tl.a
[5] = shb_l.a

  47'208 bytes of readonly  code memory
     990 bytes of readonly  data memory (+ 50 absolute)
  15'080 bytes of readwrite data memory

Errors: none
Warnings: none
